Initialized native services in: /Users/jeremy_zhou/.gradle/native
Initialized jansi services in: /Users/jeremy_zhou/.gradle/native
Found daemon DaemonInfo{pid=10182, address=[e21653ea-ccdb-4f5c-aba0-984954aeb97c port:64408, addresses:[/127.0.0.1]], state=Idle, lastBusy=1776564527051, context=DefaultDaemonContext[uid=ed1f2791-6880-43de-a313-6e8945cea949,javaHome=/Users/jeremy_zhou/Library/Java/JavaVirtualMachines/graalvm-jdk-25/Contents/Home,javaVersion=25,javaVendor=Oracle Corporation,daemonRegistryDir=/Users/jeremy_zhou/.gradle/daemon,pid=10182,idleTimeout=10800000,priority=NORMAL,applyInstrumentationAgent=true,nativeServicesMode=ENABLED,daemonOpts=-XX:MaxMetaspaceSize=384m,-XX:+HeapDumpOnOutOfMemoryError,-Xms256m,-Xmx512m,-Dfile.encoding=UTF-8,-Duser.country=HK,-Duser.language=zh,-Duser.variant]} however its context does not match the desired criteria.
JVM is incompatible.
Wanted: DaemonRequestContext{jvmCriteria=/opt/homebrew/Cellar/sdkman-cli/5.19.0/libexec/candidates/java/25.0.1-graal (no JDK specified, using current Java home), daemonOpts=[-XX:MaxMetaspaceSize=384m, -XX:+HeapDumpOnOutOfMemoryError, -Xms256m, -Xmx512m, -Dfile.encoding=UTF-8, -Duser.country=HK, -Duser.language=zh, -Duser.variant], applyInstrumentationAgent=true, nativeServicesMode=ENABLED, priority=NORMAL}
Actual: DefaultDaemonContext[uid=ed1f2791-6880-43de-a313-6e8945cea949,javaHome=/Users/jeremy_zhou/Library/Java/JavaVirtualMachines/graalvm-jdk-25/Contents/Home,javaVersion=25,javaVendor=Oracle Corporation,daemonRegistryDir=/Users/jeremy_zhou/.gradle/daemon,pid=10182,idleTimeout=10800000,priority=NORMAL,applyInstrumentationAgent=true,nativeServicesMode=ENABLED,daemonOpts=-XX:MaxMetaspaceSize=384m,-XX:+HeapDumpOnOutOfMemoryError,-Xms256m,-Xmx512m,-Dfile.encoding=UTF-8,-Duser.country=HK,-Duser.language=zh,-Duser.variant]

  Looking for a different daemon...
The client will now receive all logging from the daemon (pid: 17407). The daemon log file: /Users/jeremy_zhou/.gradle/daemon/9.2.1/daemon-17407.out.log
Starting 8th build in daemon [uptime: 26 mins 59.408 secs, performance: 100%, GC rate: 0.00/s, heap usage: 4% of 512 MiB, non-heap usage: 25% of 384 MiB]
Using 10 worker leases.
Operational build model parameters: {requiresToolingModels=false, parallelProjectExecution=false, configureOnDemand=false, configurationCache=false, configurationCacheParallelStore=false, configurationCacheParallelLoad=true, isolatedProjects=false, parallelProjectConfiguration=false, intermediateModelCache=false, parallelToolingApiActions=false, invalidateCoupledProjects=false, modelAsProjectDependency=false, resilientModelBuilding=false}
Now considering [/Users/jeremy_zhou/git-code/course-app/.worktrees/feature-multi-provider-oauth2-azure-first, /Users/jeremy_zhou/git-code/course-app] as hierarchies to watch
Watching the file system is configured to be enabled if available
File system watching is active
Starting Build
Settings evaluated using settings file '/Users/jeremy_zhou/git-code/course-app/.worktrees/feature-multi-provider-oauth2-azure-first/settings.gradle.kts'.
Projects loaded. Root project using build file '/Users/jeremy_zhou/git-code/course-app/.worktrees/feature-multi-provider-oauth2-azure-first/build.gradle.kts'.
Included projects: [root project 'course-app', project ':api', project ':k8s', project ':ui']

> Configure project :
Evaluating root project 'course-app' using build file '/Users/jeremy_zhou/git-code/course-app/.worktrees/feature-multi-provider-oauth2-azure-first/build.gradle.kts'.
Resolved plugin [id: 'org.jetbrains.kotlin.jvm', version: '2.3.0', apply: false]
Resolved plugin [id: 'org.jetbrains.kotlin.plugin.spring', version: '2.3.0', apply: false]

> Configure project :api
Evaluating project ':api' using build file '/Users/jeremy_zhou/git-code/course-app/.worktrees/feature-multi-provider-oauth2-azure-first/api/build.gradle.kts'.
Resolved plugin [id: 'org.jetbrains.kotlin.jvm', version: '2.3.0']
Resolved plugin [id: 'org.jetbrains.kotlin.plugin.spring', version: '2.3.0']
Resolved plugin [id: 'org.jetbrains.kotlin.plugin.jpa', version: '2.3.0']
Resolved plugin [id: 'org.springframework.boot', version: '4.0.1']
Resolved plugin [id: 'io.spring.dependency-management', version: '1.1.7']
Resolved plugin [id: 'org.graalvm.buildtools.native', version: '0.11.3']
Build f6075205-e213-4929-88a4-0e38e148da97 is started
Using Kotlin Gradle Plugin gradle813 variant
kotlin scripting plugin: created the scripting discovery configuration: kotlinScriptDef
kotlin scripting plugin: created the scripting discovery configuration: testKotlinScriptDef
Applying dependency management to configuration 'annotationProcessor' in project 'api'
Applying dependency management to configuration 'api' in project 'api'
Applying dependency management to configuration 'apiElements' in project 'api'
Applying dependency management to configuration 'archives' in project 'api'
Applying dependency management to configuration 'bootArchives' in project 'api'
Applying dependency management to configuration 'compileClasspath' in project 'api'
Applying dependency management to configuration 'compileOnly' in project 'api'
Applying dependency management to configuration 'default' in project 'api'
Applying dependency management to configuration 'developmentOnly' in project 'api'
Applying dependency management to configuration 'implementation' in project 'api'
Applying dependency management to configuration 'implementationDependenciesMetadata' in project 'api'
Applying dependency management to configuration 'kotlinBuildToolsApiClasspath' in project 'api'
Applying dependency management to configuration 'kotlinCompilerClasspath' in project 'api'
Applying dependency management to configuration 'kotlinCompilerPluginClasspath' in project 'api'
Applying dependency management to configuration 'kotlinCompilerPluginClasspathMain' in project 'api'
Applying dependency management to configuration 'kotlinCompilerPluginClasspathTest' in project 'api'
Applying dependency management to configuration 'kotlinInternalAbiValidation' in project 'api'
Applying dependency management to configuration 'kotlinKlibCommonizerClasspath' in project 'api'
Applying dependency management to configuration 'kotlinNativeCompilerPluginClasspath' in project 'api'
Applying dependency management to configuration 'kotlinScriptDef' in project 'api'
Applying dependency management to configuration 'kotlinScriptDefExtensions' in project 'api'
Applying dependency management to configuration 'mainSourceElements' in project 'api'
Applying dependency management to configuration 'productionRuntimeClasspath' in project 'api'
Applying dependency management to configuration 'runtimeClasspath' in project 'api'
Applying dependency management to configuration 'runtimeElements' in project 'api'
Applying dependency management to configuration 'runtimeOnly' in project 'api'
Applying dependency management to configuration 'testAndDevelopmentOnly' in project 'api'
Applying dependency management to configuration 'testAnnotationProcessor' in project 'api'
Applying dependency management to configuration 'testApi' in project 'api'
Applying dependency management to configuration 'testCompileClasspath' in project 'api'
Applying dependency management to configuration 'testCompileOnly' in project 'api'
Applying dependency management to configuration 'testImplementation' in project 'api'
Applying dependency management to configuration 'testImplementationDependenciesMetadata' in project 'api'
Applying dependency management to configuration 'testKotlinScriptDef' in project 'api'
Applying dependency management to configuration 'testKotlinScriptDefExtensions' in project 'api'
Applying dependency management to configuration 'testResultsElementsForTest' in project 'api'
Applying dependency management to configuration 'testRuntimeClasspath' in project 'api'
Applying dependency management to configuration 'testRuntimeOnly' in project 'api'
[native-image-plugin] ====================
[native-image-plugin] Initializing project: api
[native-image-plugin] ====================
Applying dependency management to configuration 'nativeImageCompileOnly' in project 'api'
Applying dependency management to configuration 'nativeImageClasspath' in project 'api'
Applying dependency management to configuration 'nativeImageTestCompileOnly' in project 'api'
Applying dependency management to configuration 'nativeImageTestClasspath' in project 'api'
Applying dependency management to configuration 'aotImplementation' in project 'api'
Applying dependency management to configuration 'aotCompileOnly' in project 'api'
Applying dependency management to configuration 'aotCompileClasspath' in project 'api'
Applying dependency management to configuration 'aotAnnotationProcessor' in project 'api'
Applying dependency management to configuration 'aotRuntimeOnly' in project 'api'
Applying dependency management to configuration 'aotRuntimeClasspath' in project 'api'
Applying dependency management to configuration 'aotApi' in project 'api'
Applying dependency management to configuration 'aotImplementationDependenciesMetadata' in project 'api'
Applying dependency management to configuration 'kotlinCompilerPluginClasspathAot' in project 'api'
Applying dependency management to configuration 'aotKotlinScriptDef' in project 'api'
kotlin scripting plugin: created the scripting discovery configuration: aotKotlinScriptDef
Applying dependency management to configuration 'aotKotlinScriptDefExtensions' in project 'api'
Applying dependency management to configuration 'aotTestImplementation' in project 'api'
Applying dependency management to configuration 'aotTestCompileOnly' in project 'api'
Applying dependency management to configuration 'aotTestCompileClasspath' in project 'api'
Applying dependency management to configuration 'aotTestAnnotationProcessor' in project 'api'
Applying dependency management to configuration 'aotTestRuntimeOnly' in project 'api'
Applying dependency management to configuration 'aotTestRuntimeClasspath' in project 'api'
Applying dependency management to configuration 'aotTestApi' in project 'api'
Applying dependency management to configuration 'aotTestImplementationDependenciesMetadata' in project 'api'
Applying dependency management to configuration 'kotlinCompilerPluginClasspathAotTest' in project 'api'
Applying dependency management to configuration 'aotTestKotlinScriptDef' in project 'api'
kotlin scripting plugin: created the scripting discovery configuration: aotTestKotlinScriptDef
Applying dependency management to configuration 'aotTestKotlinScriptDefExtensions' in project 'api'
Applying dependency management to configuration 'processAotClasspath' in project 'api'
Applying dependency management to configuration 'processTestAotClasspath' in project 'api'
Applying dependency management to configuration 'nativeImageTestCompileOnlyAuto' in project 'api'
Applying dependency management to configuration 'nativeImageTestClasspathInternal' in project 'api'
[native-image-plugin] Not instrumenting task with native-image-agent: compileTestJava. Reason: Task does not match user predicate
[native-image-plugin] Not instrumenting task with native-image-agent: dependencyManagement. Reason: Task does not match user predicate
Applying dependency management to configuration 'apiElements-published' in project 'api'
Applying dependency management to configuration 'runtimeElements-published' in project 'api'

> Configure project :k8s
Evaluating project ':k8s' using build file '/Users/jeremy_zhou/git-code/course-app/.worktrees/feature-multi-provider-oauth2-azure-first/k8s/build.gradle.kts'.
Resolved plugin [id: 'org.jetbrains.kotlin.jvm']
Resolved plugin [id: 'org.gradle.maven-publish']
Using Kotlin Gradle Plugin gradle813 variant
kotlin scripting plugin: created the scripting discovery configuration: kotlinScriptDef
kotlin scripting plugin: created the scripting discovery configuration: testKotlinScriptDef

> Configure project :ui
Evaluating project ':ui' using build file '/Users/jeremy_zhou/git-code/course-app/.worktrees/feature-multi-provider-oauth2-azure-first/ui/build.gradle'.
All projects evaluated.
Task path 'api:processTestAot' matched project ':api'
Task path 'api:test' matched project ':api'
Task name matched 'test'
Selected primary task 'test' from project :api
Task name matched 'processTestAot'
[native-image-plugin] Not instrumenting task with native-image-agent: compileAotTestKotlin. Reason: Task does not match user predicate
[native-image-plugin] Not instrumenting task with native-image-agent: compileAotTestJava. Reason: Task does not match user predicate
[native-image-plugin] Not instrumenting task with native-image-agent: aotTestClasses. Reason: Task does not match user predicate
Resolving global dependency management for project 'api'
Excluding [com.google.protobuf:protobuf-java]
Excluding []
[native-image-plugin] Not instrumenting task with native-image-agent: compileKotlin. Reason: Task does not match user predicate
[native-image-plugin] Not instrumenting task with native-image-agent: compileJava. Reason: Task does not match user predicate
[native-image-plugin] Not instrumenting task with native-image-agent: classes. Reason: Task does not match user predicate
[native-image-plugin] Not instrumenting task with native-image-agent: compileTestKotlin. Reason: Task does not match user predicate
[native-image-plugin] Not instrumenting task with native-image-agent: testClasses. Reason: Task does not match user predicate
[native-image-plugin] Not instrumenting task with native-image-agent: jar. Reason: Task does not match user predicate
[native-image-plugin] Not instrumenting task with native-image-agent: bootJar. Reason: Task does not match user predicate
[native-image-plugin] Not instrumenting task with native-image-agent: nativeCompileClasspathJar. Reason: Task does not match user predicate
[native-image-plugin] Not instrumenting task with native-image-agent: nativeTestCompileClasspathJar. Reason: Task does not match user predicate
[native-image-plugin] Not instrumenting task with native-image-agent: processAotTestResources. Reason: Task does not match user predicate
Excluding []
Excluding []
Excluding []
[native-image-plugin] Not instrumenting task with native-image-agent: processResources. Reason: Task does not match user predicate
Excluding []
Excluding []
[native-image-plugin] Not instrumenting task with native-image-agent: checkKotlinGradlePluginConfigurationErrors. Reason: Task does not match user predicate
Excluding []
Excluding []
Excluding []
Excluding []
Excluding []
Excluding []
Excluding []
[native-image-plugin] Not instrumenting task with native-image-agent: processTestResources. Reason: Task does not match user predicate
Tasks to be executed: [task ':api:checkKotlinGradlePluginConfigurationErrors', task ':api:compileKotlin', task ':api:compileJava', task ':api:processResources', task ':api:classes', task ':api:jar', task ':api:compileTestKotlin', task ':api:compileTestJava', task ':api:processTestResources', task ':api:testClasses', task ':api:compileAotTestKotlin', task ':api:compileAotTestJava', task ':api:processAotTestResources', task ':api:aotTestClasses', task ':api:test']
Tasks that were excluded: [task ':api:processTestAot']
[native-image-plugin] Not instrumenting task with native-image-agent: clean. Reason: Task does not match user predicate
Resolve mutations for :api:checkKotlinGradlePluginConfigurationErrors (Thread[#1115,Execution worker,5,main]) started.
:api:checkKotlinGradlePluginConfigurationErrors (Thread[#1115,Execution worker,5,main]) started.

> Task :api:checkKotlinGradlePluginConfigurationErrors SKIPPED
Skipping task ':api:checkKotlinGradlePluginConfigurationErrors' as task onlyIf 'errorDiagnostics are present' is false.
Resolve mutations for :api:compileKotlin (Thread[#1115,Execution worker,5,main]) started.
:api:compileKotlin (Thread[#1115,Execution worker,5,main]) started.

> Task :api:compileKotlin UP-TO-DATE
Excluding []
Excluding []
Caching disabled for task ':api:compileKotlin' because:
  Build cache is disabled
Skipping task ':api:compileKotlin' as it is up-to-date.
Resolve mutations for :api:compileJava (Thread[#1115,Execution worker,5,main]) started.
:api:compileJava (Thread[#1115,Execution worker,5,main]) started.

> Task :api:compileJava NO-SOURCE
Skipping task ':api:compileJava' as it has no source files and no previous output files.
Resolve mutations for :api:processResources (Thread[#1115,Execution worker,5,main]) started.
:api:processResources (Thread[#1115,Execution worker,5,main]) started.

> Task :api:processResources UP-TO-DATE
Caching disabled for task ':api:processResources' because:
  Build cache is disabled
  Not worth caching
Skipping task ':api:processResources' as it is up-to-date.
Resolve mutations for :api:classes (Thread[#1115,Execution worker,5,main]) started.
:api:classes (Thread[#1115,Execution worker,5,main]) started.

> Task :api:classes UP-TO-DATE
Skipping task ':api:classes' as it has no actions.
Resolve mutations for :api:jar (Thread[#1115,Execution worker,5,main]) started.
:api:jar (Thread[#1115,Execution worker,5,main]) started.

> Task :api:jar UP-TO-DATE
Caching disabled for task ':api:jar' because:
  Build cache is disabled
  Not worth caching
Skipping task ':api:jar' as it is up-to-date.
Resolve mutations for :api:compileTestKotlin (Thread[#1115,Execution worker,5,main]) started.
:api:compileTestKotlin (Thread[#1115,Execution worker,5,main]) started.

> Task :api:compileTestKotlin UP-TO-DATE
Excluding []
Caching disabled for task ':api:compileTestKotlin' because:
  Build cache is disabled
Skipping task ':api:compileTestKotlin' as it is up-to-date.
Resolve mutations for :api:compileTestJava (Thread[#1115,Execution worker,5,main]) started.
:api:compileTestJava (Thread[#1115,Execution worker,5,main]) started.

> Task :api:compileTestJava NO-SOURCE
Skipping task ':api:compileTestJava' as it has no source files and no previous output files.
Resolve mutations for :api:processTestResources (Thread[#1115,Execution worker,5,main]) started.
:api:processTestResources (Thread[#1115,Execution worker,5,main]) started.

> Task :api:processTestResources UP-TO-DATE
Caching disabled for task ':api:processTestResources' because:
  Build cache is disabled
  Not worth caching
Skipping task ':api:processTestResources' as it is up-to-date.
Resolve mutations for :api:testClasses (Thread[#1115,Execution worker,5,main]) started.
:api:testClasses (Thread[#1116,Execution worker Thread 2,5,main]) started.

> Task :api:testClasses UP-TO-DATE
Skipping task ':api:testClasses' as it has no actions.
Resolve mutations for :api:compileAotTestKotlin (Thread[#1116,Execution worker Thread 2,5,main]) started.
:api:compileAotTestKotlin (Thread[#1116,Execution worker Thread 2,5,main]) started.

> Task :api:compileAotTestKotlin NO-SOURCE
Excluding []
Skipping task ':api:compileAotTestKotlin' as it has no source files and no previous output files.
Resolve mutations for :api:compileAotTestJava (Thread[#1116,Execution worker Thread 2,5,main]) started.
:api:compileAotTestJava (Thread[#1116,Execution worker Thread 2,5,main]) started.

> Task :api:compileAotTestJava UP-TO-DATE
Custom actions are attached to task ':api:compileAotTestJava'.
Caching disabled for task ':api:compileAotTestJava' because:
  Build cache is disabled
Skipping task ':api:compileAotTestJava' as it is up-to-date.
No compile result for :api:compileAotTestJava
No compile result for :api:compileAotTestJava
Resolve mutations for :api:processAotTestResources (Thread[#1116,Execution worker Thread 2,5,main]) started.
:api:processAotTestResources (Thread[#1116,Execution worker Thread 2,5,main]) started.

> Task :api:processAotTestResources UP-TO-DATE
Caching disabled for task ':api:processAotTestResources' because:
  Build cache is disabled
  Not worth caching
Skipping task ':api:processAotTestResources' as it is up-to-date.
Resolve mutations for :api:aotTestClasses (Thread[#1116,Execution worker Thread 2,5,main]) started.
:api:aotTestClasses (Thread[#1116,Execution worker Thread 2,5,main]) started.

> Task :api:aotTestClasses UP-TO-DATE
Skipping task ':api:aotTestClasses' as it has no actions.
Resolve mutations for :api:test (Thread[#1116,Execution worker Thread 2,5,main]) started.
:api:test (Thread[#1116,Execution worker Thread 2,5,main]) started.

> Task :api:test UP-TO-DATE
Custom actions are attached to task ':api:test'.
Caching disabled for task ':api:test' because:
  Build cache is disabled
Skipping task ':api:test' as it is up-to-date.
Build f6075205-e213-4929-88a4-0e38e148da97 is closed

BUILD SUCCESSFUL in 539ms
8 actionable tasks: 8 up-to-date
Watched directory hierarchies: [/Users/jeremy_zhou/git-code/course-app]
Consider enabling configuration cache to speed up this build: https://docs.gradle.org/9.2.1/userguide/configuration_cache_enabling.html
